{
  "rows": [{
      "player": "player1",
      "deposit": "100.0000 VT"
    },{
      "player": "player2",
      "deposit": "100.0000 VT"
    },{
      "player": "player3",
      "deposit": "100.0000 VT"
    }
  ],
  "more": false
}
